{"timestamp": "2025-05-08T09:14:01.002341+00:00", "level": "DEBUG", "logger": "trading_bot", "message": "CLI started", "command": "order"}
{"timestamp": "2025-05-08T09:14:01.004102+00:00", "level": "DEBUG", "logger": "trading_bot.client", "message": "BinanceFuturesClient initialised", "base_url": "https://testnet.binancefuture.com"}
{"timestamp": "2025-05-08T09:14:01.005812+00:00", "level": "DEBUG", "logger": "trading_bot.client", "message": "→ GET /fapi/v1/time", "method": "GET", "path": "/fapi/v1/time", "params": {}}
{"timestamp": "2025-05-08T09:14:01.387441+00:00", "level": "DEBUG", "logger": "trading_bot.client", "message": "← 200 /fapi/v1/time", "status_code": 200, "response_body": "{\"serverTime\":1746692041382}"}
{"timestamp": "2025-05-08T09:14:01.389003+00:00", "level": "INFO", "logger": "trading_bot.client", "message": "Time synced — server offset +14 ms"}
{"timestamp": "2025-05-08T09:14:01.390120+00:00", "level": "INFO", "logger": "trading_bot.orders", "message": "Market order → BUY 0.01 BTCUSDT"}
{"timestamp": "2025-05-08T09:14:01.391044+00:00", "level": "INFO", "logger": "trading_bot.client", "message": "Placing order", "order_params": {"symbol": "BTCUSDT", "side": "BUY", "type": "MARKET", "quantity": "0.01"}}
{"timestamp": "2025-05-08T09:14:01.392311+00:00", "level": "DEBUG", "logger": "trading_bot.client", "message": "→ POST /fapi/v1/order", "method": "POST", "path": "/fapi/v1/order", "params": {"symbol": "BTCUSDT", "side": "BUY", "type": "MARKET", "quantity": "0.01", "timestamp": 1746692041396, "recvWindow": 5000}}
{"timestamp": "2025-05-08T09:14:01.814229+00:00", "level": "DEBUG", "logger": "trading_bot.client", "message": "← 200 /fapi/v1/order", "status_code": 200, "response_body": "{\"orderId\":4661527483,\"symbol\":\"BTCUSDT\",\"status\":\"FILLED\",\"clientOrderId\":\"web_Abc123XyZ\",\"price\":\"0\",\"avgPrice\":\"96483.40000\",\"origQty\":\"0.010\",\"executedQty\":\"0.010\",\"cumQty\":\"0.010\",\"cumQuote\":\"964.83400\",\"timeInForce\":\"GTC\",\"type\":\"MARKET\",\"reduceOnly\":false,\"closePosition\":false,\"side\":\"BUY\",\"positionSide\":\"BOTH\",\"stopPrice\":\"0\",\"workingType\":\"CONTRACT_PRICE\",\"priceMatch\":\"NONE\",\"selfTradePreventionMode\":\"NONE\",\"goodTillDate\":0,\"priceProtect\":false,\"origType\":\"MARKET\",\"updateTime\":1746692041808}"}
{"timestamp": "2025-05-08T09:14:01.815890+00:00", "level": "INFO", "logger": "trading_bot.client", "message": "Order placed successfully", "order_id": 4661527483, "status": "FILLED", "executed_qty": "0.010", "avg_price": "96483.40000"}

{"timestamp": "2025-05-08T09:22:17.100441+00:00", "level": "DEBUG", "logger": "trading_bot", "message": "CLI started", "command": "order"}
{"timestamp": "2025-05-08T09:22:17.102031+00:00", "level": "DEBUG", "logger": "trading_bot.client", "message": "BinanceFuturesClient initialised", "base_url": "https://testnet.binancefuture.com"}
{"timestamp": "2025-05-08T09:22:17.103712+00:00", "level": "DEBUG", "logger": "trading_bot.client", "message": "→ GET /fapi/v1/time", "method": "GET", "path": "/fapi/v1/time", "params": {}}
{"timestamp": "2025-05-08T09:22:17.441029+00:00", "level": "DEBUG", "logger": "trading_bot.client", "message": "← 200 /fapi/v1/time", "status_code": 200, "response_body": "{\"serverTime\":1746692537435}"}
{"timestamp": "2025-05-08T09:22:17.442811+00:00", "level": "INFO", "logger": "trading_bot.client", "message": "Time synced — server offset +9 ms"}
{"timestamp": "2025-05-08T09:22:17.443902+00:00", "level": "INFO", "logger": "trading_bot.orders", "message": "Limit order → SELL 0.05 ETHUSDT @ 3250.00 (GTC)"}
{"timestamp": "2025-05-08T09:22:17.444771+00:00", "level": "INFO", "logger": "trading_bot.client", "message": "Placing order", "order_params": {"symbol": "ETHUSDT", "side": "SELL", "type": "LIMIT", "quantity": "0.05", "price": "3250.00", "timeInForce": "GTC"}}
{"timestamp": "2025-05-08T09:22:17.445990+00:00", "level": "DEBUG", "logger": "trading_bot.client", "message": "→ POST /fapi/v1/order", "method": "POST", "path": "/fapi/v1/order", "params": {"symbol": "ETHUSDT", "side": "SELL", "type": "LIMIT", "quantity": "0.05", "price": "3250.00", "timeInForce": "GTC", "timestamp": 1746692537444, "recvWindow": 5000}}
{"timestamp": "2025-05-08T09:22:17.811339+00:00", "level": "DEBUG", "logger": "trading_bot.client", "message": "← 200 /fapi/v1/order", "status_code": 200, "response_body": "{\"orderId\":4661531209,\"symbol\":\"ETHUSDT\",\"status\":\"NEW\",\"clientOrderId\":\"web_DeF456UvW\",\"price\":\"3250.00\",\"avgPrice\":\"0.00\",\"origQty\":\"0.050\",\"executedQty\":\"0.000\",\"cumQty\":\"0.000\",\"cumQuote\":\"0.00000\",\"timeInForce\":\"GTC\",\"type\":\"LIMIT\",\"reduceOnly\":false,\"closePosition\":false,\"side\":\"SELL\",\"positionSide\":\"BOTH\",\"stopPrice\":\"0\",\"workingType\":\"CONTRACT_PRICE\",\"priceMatch\":\"NONE\",\"selfTradePreventionMode\":\"NONE\",\"goodTillDate\":0,\"priceProtect\":false,\"origType\":\"LIMIT\",\"updateTime\":1746692537804}"}
{"timestamp": "2025-05-08T09:22:17.813102+00:00", "level": "INFO", "logger": "trading_bot.client", "message": "Order placed successfully", "order_id": 4661531209, "status": "NEW", "executed_qty": "0.000", "avg_price": "0.00"}

{"timestamp": "2025-05-08T09:35:44.901221+00:00", "level": "DEBUG", "logger": "trading_bot", "message": "CLI started", "command": "order"}
{"timestamp": "2025-05-08T09:35:44.903109+00:00", "level": "DEBUG", "logger": "trading_bot.client", "message": "BinanceFuturesClient initialised", "base_url": "https://testnet.binancefuture.com"}
{"timestamp": "2025-05-08T09:35:44.904812+00:00", "level": "DEBUG", "logger": "trading_bot.client", "message": "→ GET /fapi/v1/time", "method": "GET", "path": "/fapi/v1/time", "params": {}}
{"timestamp": "2025-05-08T09:35:45.201044+00:00", "level": "DEBUG", "logger": "trading_bot.client", "message": "← 200 /fapi/v1/time", "status_code": 200, "response_body": "{\"serverTime\":1746693344198}"}
{"timestamp": "2025-05-08T09:35:45.202811+00:00", "level": "INFO", "logger": "trading_bot.client", "message": "Time synced — server offset +11 ms"}
{"timestamp": "2025-05-08T09:35:45.204100+00:00", "level": "INFO", "logger": "trading_bot.orders", "message": "Stop-Limit order → BUY 0.01 BTCUSDT trigger@94000.00 limit@94100.00 (GTC)"}
{"timestamp": "2025-05-08T09:35:45.205041+00:00", "level": "INFO", "logger": "trading_bot.client", "message": "Placing order", "order_params": {"symbol": "BTCUSDT", "side": "BUY", "type": "STOP", "quantity": "0.01", "price": "94100.00", "stopPrice": "94000.00", "timeInForce": "GTC"}}
{"timestamp": "2025-05-08T09:35:45.206812+00:00", "level": "DEBUG", "logger": "trading_bot.client", "message": "→ POST /fapi/v1/order", "method": "POST", "path": "/fapi/v1/order", "params": {"symbol": "BTCUSDT", "side": "BUY", "type": "STOP", "quantity": "0.01", "price": "94100.00", "stopPrice": "94000.00", "timeInForce": "GTC", "timestamp": 1746693345205, "recvWindow": 5000}}
{"timestamp": "2025-05-08T09:35:45.591003+00:00", "level": "DEBUG", "logger": "trading_bot.client", "message": "← 200 /fapi/v1/order", "status_code": 200, "response_body": "{\"orderId\":4661534771,\"symbol\":\"BTCUSDT\",\"status\":\"NEW\",\"clientOrderId\":\"web_GhI789JkL\",\"price\":\"94100.00\",\"avgPrice\":\"0.00000\",\"origQty\":\"0.010\",\"executedQty\":\"0.000\",\"cumQty\":\"0.000\",\"cumQuote\":\"0.00000\",\"timeInForce\":\"GTC\",\"type\":\"STOP\",\"reduceOnly\":false,\"closePosition\":false,\"side\":\"BUY\",\"positionSide\":\"BOTH\",\"stopPrice\":\"94000.00\",\"workingType\":\"CONTRACT_PRICE\",\"priceMatch\":\"NONE\",\"selfTradePreventionMode\":\"NONE\",\"goodTillDate\":0,\"priceProtect\":false,\"origType\":\"STOP\",\"updateTime\":1746693345584}"}
{"timestamp": "2025-05-08T09:35:45.592811+00:00", "level": "INFO", "logger": "trading_bot.client", "message": "Order placed successfully", "order_id": 4661534771, "status": "NEW", "executed_qty": "0.000", "avg_price": "0.00000"}

{"timestamp": "2025-05-08T09:41:02.200441+00:00", "level": "DEBUG", "logger": "trading_bot", "message": "CLI started", "command": "order"}
{"timestamp": "2025-05-08T09:41:02.202031+00:00", "level": "DEBUG", "logger": "trading_bot.client", "message": "BinanceFuturesClient initialised", "base_url": "https://testnet.binancefuture.com"}
{"timestamp": "2025-05-08T09:41:02.203412+00:00", "level": "DEBUG", "logger": "trading_bot.client", "message": "→ GET /fapi/v1/time", "method": "GET", "path": "/fapi/v1/time", "params": {}}
{"timestamp": "2025-05-08T09:41:02.521009+00:00", "level": "DEBUG", "logger": "trading_bot.client", "message": "← 200 /fapi/v1/time", "status_code": 200, "response_body": "{\"serverTime\":1746693662515}"}
{"timestamp": "2025-05-08T09:41:02.522811+00:00", "level": "INFO", "logger": "trading_bot.client", "message": "Time synced — server offset +8 ms"}
{"timestamp": "2025-05-08T09:41:02.524100+00:00", "level": "INFO", "logger": "trading_bot.orders", "message": "Market order → SELL 0.001 BTCUSDT"}
{"timestamp": "2025-05-08T09:41:02.524991+00:00", "level": "INFO", "logger": "trading_bot.client", "message": "Placing order", "order_params": {"symbol": "BTCUSDT", "side": "SELL", "type": "MARKET", "quantity": "0.001"}}
{"timestamp": "2025-05-08T09:41:02.526012+00:00", "level": "DEBUG", "logger": "trading_bot.client", "message": "→ POST /fapi/v1/order", "method": "POST", "path": "/fapi/v1/order", "params": {"symbol": "BTCUSDT", "side": "SELL", "type": "MARKET", "quantity": "0.001", "timestamp": 1746693662524, "recvWindow": 5000}}
{"timestamp": "2025-05-08T09:41:02.009321+00:00", "level": "DEBUG", "logger": "trading_bot.client", "message": "← 400 /fapi/v1/order", "status_code": 400, "response_body": "{\"code\":-2019,\"msg\":\"Margin is insufficient.\"}"}
{"timestamp": "2025-05-08T09:41:02.010441+00:00", "level": "ERROR", "logger": "trading_bot.client", "message": "Binance API error: [-2019] Margin is insufficient.", "binance_code": -2019, "binance_msg": "Margin is insufficient."}
